// Jest Snapshot v1, https://goo.gl/fbAQLP

exports[`BeanList renders 豆單 1`] = `
<div
  class="wrap"
>
  
  <div
    class="bean-list-unit"
  >
    <div
      class="bean-list-unit-left"
    >
      <a
        href="#"
      >
        <div
          class="unit-up"
        >
          <div
            class="bean-name"
          >
            耶家雪菲 日曬 古吉 夏奇索 魔魔拉單一莊園 G1
          </div>
          <div
            class="bean-price-type"
          >
            <div
              class="half-pound-container"
            >
              <span
                class="price-title"
              >
                半磅
              </span>
              <span
                class="price-num"
              >
                $450
              </span>
            </div>
            <div>
              <span
                class="price-title"
              >
                一磅
              </span>
              <span
                class="price-num"
              >
                $810
              </span>
            </div>
            <div>
              <span
                class="price-title"
              >
                耳掛
              </span>
              <span
                class="price-num"
              >
                $40 /包
              </span>
            </div>
          </div>
        </div>
        <div
          class="unit-down"
        >
          <div
            class="roast-wrap"
          >
            <div
              class="level-title"
            >
              淺焙
            </div>
            
            <div>
              <div
                class="round"
                style="background-color: rgb(225, 216, 214);"
              />
            </div>
            <div>
              <div
                class="round"
                style="border: 1px solid #e1d8d6;"
              />
            </div>
            <div>
              <div
                class="round"
                style="border: 1px solid #e1d8d6;"
              />
            </div>
            <div>
              <div
                class="round"
                style="border: 1px solid #e1d8d6;"
              />
            </div>
            <div>
              <div
                class="round"
                style="border: 1px solid #e1d8d6;"
              />
            </div>
            
          </div>
          <div
            class="flavor-container"
          >
            <div
              class="flavor"
            >
              風味 : 藍莓、柑橘、花香
            </div>
          </div>
        </div>
      </a>
    </div>
    <!--v-if-->
  </div>
  
</div>
`;
